// Vitest Snapshot v1, https://vitest.dev/guide/snapshot.html

exports[`Admin adminUpdateEntity > Error: No change to invalid entity 1`] = `
[
  [
    "adminEntityUpdateGetEntityInfo",
    {
      "id": "123",
    },
  ],
  [
    "withRootTransaction",
    [Function],
    [Function],
  ],
]
`;

exports[`Admin adminUpdateEntity > Minimal 1`] = `
[
  [
    "adminEntityIndexesUpdateLatest",
    {
      "entityInternalId": "internal-123",
    },
    {
      "componentTypes": [],
      "fullTextSearchText": "Updated title",
      "locations": [],
      "referenceIds": [],
    },
    false,
  ],
  [
    "adminEntityUniqueIndexGetValues",
    {
      "entityInternalId": "internal-123",
    },
  ],
  [
    "adminEntityUpdateEntity",
    [Function],
    {
      "changeName": true,
      "encodeVersion": 1,
      "entityInternalId": "internal-123",
      "fields": {
        "title": "Updated title",
      },
      "name": "Updated name",
      "publish": false,
      "schemaVersion": 1,
      "session": {
        "subjectId": "subject-id",
        "subjectInternalId": 123,
      },
      "status": "draft",
      "type": "TitleOnly",
      "version": 2,
    },
    null,
  ],
  [
    "adminEntityUpdateGetEntityInfo",
    {
      "id": "123",
    },
  ],
  [
    "withRootTransaction",
    [Function],
    [Function],
  ],
]
`;
