// Vitest Snapshot v1, https://vitest.dev/guide/snapshot.html

exports[`hello > snapshot 1`] = `
{
  "what": 123,
}
`;
