// Vitest Snapshot v1

exports[`SearchEntityState scenarios > From sampling -> set paging -> loading -> loaded > 1 - initial 1`] = `
{
  "connection": undefined,
  "connectionError": undefined,
  "entities": [
    OkResult {
      "value": {
        "fields": {
          "title": "Title 1",
        },
        "id": "1",
        "info": {
          "authKey": "none",
          "createdAt": "2022-03-19T07:51:25.56Z",
          "name": "Entity 1",
          "type": "TitleOnly",
        },
      },
    },
  ],
  "entitiesScrollToTopSignal": 1,
  "entitySamples": {
    "items": [
      {
        "fields": {
          "title": "Title 1",
        },
        "id": "1",
        "info": {
          "authKey": "none",
          "createdAt": "2022-03-19T07:51:25.56Z",
          "name": "Entity 1",
          "type": "TitleOnly",
        },
      },
    ],
    "seed": 123,
    "totalCount": 1,
  },
  "entitySamplesError": undefined,
  "loadingState": "",
  "paging": undefined,
  "query": {},
  "requestedCount": 1,
  "restrictEntityTypes": [],
  "sampling": {
    "count": 1,
    "seed": 123,
  },
  "text": "",
  "totalCount": null,
}
`;

exports[`SearchEntityState scenarios > From sampling -> set paging -> loading -> loaded > 2 - loading 1`] = `
{
  "connection": undefined,
  "connectionError": undefined,
  "entities": [
    OkResult {
      "value": {
        "fields": {
          "title": "Title 1",
        },
        "id": "1",
        "info": {
          "authKey": "none",
          "createdAt": "2022-03-19T07:51:25.56Z",
          "name": "Entity 1",
          "type": "TitleOnly",
        },
      },
    },
  ],
  "entitiesScrollToTopSignal": 1,
  "entitySamples": undefined,
  "entitySamplesError": undefined,
  "loadingState": "first-page",
  "paging": {
    "first": 1,
  },
  "query": {},
  "requestedCount": 1,
  "restrictEntityTypes": [],
  "sampling": undefined,
  "text": "",
  "totalCount": null,
}
`;

exports[`SearchEntityState scenarios > From sampling -> set paging -> loading -> loaded > 3 - loaded 1`] = `
{
  "connection": {
    "edges": [
      {
        "cursor": "cursor-2",
        "node": OkResult {
          "value": {
            "fields": {
              "title": "Title 2",
            },
            "id": "2",
            "info": {
              "authKey": "none",
              "createdAt": "2022-03-19T07:51:25.56Z",
              "name": "Entity 2",
              "type": "TitleOnly",
            },
          },
        },
      },
    ],
    "pageInfo": {
      "endCursor": "cursor-2",
      "hasNextPage": true,
      "hasPreviousPage": false,
      "startCursor": "cursor-2",
    },
  },
  "connectionError": undefined,
  "entities": [
    OkResult {
      "value": {
        "fields": {
          "title": "Title 2",
        },
        "id": "2",
        "info": {
          "authKey": "none",
          "createdAt": "2022-03-19T07:51:25.56Z",
          "name": "Entity 2",
          "type": "TitleOnly",
        },
      },
    },
  ],
  "entitiesScrollToTopSignal": 2,
  "entitySamples": undefined,
  "entitySamplesError": undefined,
  "loadingState": "",
  "paging": {
    "first": 1,
  },
  "query": {},
  "requestedCount": 1,
  "restrictEntityTypes": [],
  "sampling": undefined,
  "text": "",
  "totalCount": 2,
}
`;

exports[`SearchEntityState scenarios > From searching -> set sampling -> loading -> loaded > 1 - initial 1`] = `
{
  "connection": {
    "edges": [
      {
        "cursor": "cursor-1",
        "node": OkResult {
          "value": {
            "fields": {
              "title": "Title 1",
            },
            "id": "1",
            "info": {
              "authKey": "none",
              "createdAt": "2022-03-19T07:51:25.56Z",
              "name": "Entity 1",
              "type": "TitleOnly",
            },
          },
        },
      },
    ],
    "pageInfo": {
      "endCursor": "cursor-1",
      "hasNextPage": true,
      "hasPreviousPage": false,
      "startCursor": "cursor-1",
    },
  },
  "connectionError": undefined,
  "entities": [
    OkResult {
      "value": {
        "fields": {
          "title": "Title 1",
        },
        "id": "1",
        "info": {
          "authKey": "none",
          "createdAt": "2022-03-19T07:51:25.56Z",
          "name": "Entity 1",
          "type": "TitleOnly",
        },
      },
    },
  ],
  "entitiesScrollToTopSignal": 0,
  "entitySamples": undefined,
  "entitySamplesError": undefined,
  "loadingState": "",
  "paging": {
    "first": 1,
  },
  "query": {
    "order": "name",
  },
  "requestedCount": 1,
  "restrictEntityTypes": [],
  "sampling": undefined,
  "text": "",
  "totalCount": 2,
}
`;

exports[`SearchEntityState scenarios > From searching -> set sampling -> loading -> loaded > 2 - loading 1`] = `
{
  "connection": undefined,
  "connectionError": undefined,
  "entities": [
    OkResult {
      "value": {
        "fields": {
          "title": "Title 1",
        },
        "id": "1",
        "info": {
          "authKey": "none",
          "createdAt": "2022-03-19T07:51:25.56Z",
          "name": "Entity 1",
          "type": "TitleOnly",
        },
      },
    },
  ],
  "entitiesScrollToTopSignal": 0,
  "entitySamples": undefined,
  "entitySamplesError": undefined,
  "loadingState": "sample",
  "paging": undefined,
  "query": {},
  "requestedCount": 1,
  "restrictEntityTypes": [],
  "sampling": {
    "count": 1,
    "seed": 123,
  },
  "text": "",
  "totalCount": null,
}
`;

exports[`SearchEntityState scenarios > From searching -> set sampling -> loading -> loaded > 3 - loaded 1`] = `
{
  "connection": undefined,
  "connectionError": undefined,
  "entities": [
    OkResult {
      "value": {
        "fields": {
          "title": "Title 2",
        },
        "id": "2",
        "info": {
          "authKey": "none",
          "createdAt": "2022-03-19T07:51:25.56Z",
          "name": "Entity 2",
          "type": "TitleOnly",
        },
      },
    },
  ],
  "entitiesScrollToTopSignal": 1,
  "entitySamples": {
    "items": [
      {
        "fields": {
          "title": "Title 2",
        },
        "id": "2",
        "info": {
          "authKey": "none",
          "createdAt": "2022-03-19T07:51:25.56Z",
          "name": "Entity 2",
          "type": "TitleOnly",
        },
      },
    ],
    "seed": 123,
    "totalCount": 1,
  },
  "entitySamplesError": undefined,
  "loadingState": "",
  "paging": undefined,
  "query": {},
  "requestedCount": 1,
  "restrictEntityTypes": [],
  "sampling": {
    "count": 1,
    "seed": 123,
  },
  "text": "",
  "totalCount": null,
}
`;

exports[`SearchEntityState scenarios > Next page -> loading -> loaded > 1 - initial 1`] = `
{
  "connection": {
    "edges": [
      {
        "cursor": "cursor-1",
        "node": OkResult {
          "value": {
            "fields": {
              "title": "Title 1",
            },
            "id": "1",
            "info": {
              "authKey": "none",
              "createdAt": "2022-03-19T07:51:25.56Z",
              "name": "Entity 1",
              "type": "TitleOnly",
            },
          },
        },
      },
    ],
    "pageInfo": {
      "endCursor": "cursor-1",
      "hasNextPage": true,
      "hasPreviousPage": false,
      "startCursor": "cursor-1",
    },
  },
  "connectionError": undefined,
  "entities": [
    OkResult {
      "value": {
        "fields": {
          "title": "Title 1",
        },
        "id": "1",
        "info": {
          "authKey": "none",
          "createdAt": "2022-03-19T07:51:25.56Z",
          "name": "Entity 1",
          "type": "TitleOnly",
        },
      },
    },
  ],
  "entitiesScrollToTopSignal": 0,
  "entitySamples": undefined,
  "entitySamplesError": undefined,
  "loadingState": "",
  "paging": {
    "first": 1,
  },
  "query": {
    "order": "name",
  },
  "requestedCount": 1,
  "restrictEntityTypes": [],
  "sampling": undefined,
  "text": "",
  "totalCount": 2,
}
`;

exports[`SearchEntityState scenarios > Next page -> loading -> loaded > 2 - loading 1`] = `
{
  "connection": undefined,
  "connectionError": undefined,
  "entities": [
    OkResult {
      "value": {
        "fields": {
          "title": "Title 1",
        },
        "id": "1",
        "info": {
          "authKey": "none",
          "createdAt": "2022-03-19T07:51:25.56Z",
          "name": "Entity 1",
          "type": "TitleOnly",
        },
      },
    },
  ],
  "entitiesScrollToTopSignal": 0,
  "entitySamples": undefined,
  "entitySamplesError": undefined,
  "loadingState": "next-page",
  "paging": {
    "after": "cursor-1",
  },
  "query": {
    "order": "name",
  },
  "requestedCount": 1,
  "restrictEntityTypes": [],
  "sampling": undefined,
  "text": "",
  "totalCount": 2,
}
`;

exports[`SearchEntityState scenarios > Next page -> loading -> loaded > 3 - loaded 1`] = `
{
  "connection": {
    "edges": [
      {
        "cursor": "cursor-2",
        "node": OkResult {
          "value": {
            "fields": {
              "title": "Title 2",
            },
            "id": "2",
            "info": {
              "authKey": "none",
              "createdAt": "2022-03-19T07:51:25.56Z",
              "name": "Entity 2",
              "type": "TitleOnly",
            },
          },
        },
      },
    ],
    "pageInfo": {
      "endCursor": "cursor-2",
      "hasNextPage": false,
      "hasPreviousPage": true,
      "startCursor": "cursor-2",
    },
  },
  "connectionError": undefined,
  "entities": [
    OkResult {
      "value": {
        "fields": {
          "title": "Title 2",
        },
        "id": "2",
        "info": {
          "authKey": "none",
          "createdAt": "2022-03-19T07:51:25.56Z",
          "name": "Entity 2",
          "type": "TitleOnly",
        },
      },
    },
  ],
  "entitiesScrollToTopSignal": 1,
  "entitySamples": undefined,
  "entitySamplesError": undefined,
  "loadingState": "",
  "paging": {
    "after": "cursor-1",
  },
  "query": {
    "order": "name",
  },
  "requestedCount": 1,
  "restrictEntityTypes": [],
  "sampling": undefined,
  "text": "",
  "totalCount": 2,
}
`;

exports[`SearchEntityState scenarios > Refresh > 1 - initial 1`] = `
{
  "connection": {
    "edges": [
      {
        "cursor": "cursor-1",
        "node": OkResult {
          "value": {
            "fields": {
              "title": "Title 1",
            },
            "id": "1",
            "info": {
              "authKey": "none",
              "createdAt": "2022-03-19T07:51:25.56Z",
              "name": "Entity 1",
              "type": "TitleOnly",
            },
          },
        },
      },
    ],
    "pageInfo": {
      "endCursor": "cursor-1",
      "hasNextPage": true,
      "hasPreviousPage": false,
      "startCursor": "cursor-1",
    },
  },
  "connectionError": undefined,
  "entities": [
    OkResult {
      "value": {
        "fields": {
          "title": "Title 1",
        },
        "id": "1",
        "info": {
          "authKey": "none",
          "createdAt": "2022-03-19T07:51:25.56Z",
          "name": "Entity 1",
          "type": "TitleOnly",
        },
      },
    },
  ],
  "entitiesScrollToTopSignal": 0,
  "entitySamples": undefined,
  "entitySamplesError": undefined,
  "loadingState": "",
  "paging": {
    "first": 1,
  },
  "query": {
    "order": "name",
  },
  "requestedCount": 1,
  "restrictEntityTypes": [],
  "sampling": undefined,
  "text": "",
  "totalCount": 2,
}
`;

exports[`SearchEntityState scenarios > Refresh > 2 - loaded 1`] = `
{
  "connection": {
    "edges": [
      {
        "cursor": "cursor-2",
        "node": OkResult {
          "value": {
            "fields": {
              "title": "Title 2",
            },
            "id": "2",
            "info": {
              "authKey": "none",
              "createdAt": "2022-03-19T07:51:25.56Z",
              "name": "Entity 2",
              "type": "TitleOnly",
            },
          },
        },
      },
    ],
    "pageInfo": {
      "endCursor": "cursor-2",
      "hasNextPage": true,
      "hasPreviousPage": false,
      "startCursor": "cursor-2",
    },
  },
  "connectionError": undefined,
  "entities": [
    OkResult {
      "value": {
        "fields": {
          "title": "Title 2",
        },
        "id": "2",
        "info": {
          "authKey": "none",
          "createdAt": "2022-03-19T07:51:25.56Z",
          "name": "Entity 2",
          "type": "TitleOnly",
        },
      },
    },
  ],
  "entitiesScrollToTopSignal": 0,
  "entitySamples": undefined,
  "entitySamplesError": undefined,
  "loadingState": "",
  "paging": {
    "first": 1,
  },
  "query": {
    "order": "name",
  },
  "requestedCount": 1,
  "restrictEntityTypes": [],
  "sampling": undefined,
  "text": "",
  "totalCount": 2,
}
`;

exports[`SearchEntityState scenarios > Sampling -> change seed -> loading -> loaded > 1 - initial 1`] = `
{
  "connection": undefined,
  "connectionError": undefined,
  "entities": [
    OkResult {
      "value": {
        "fields": {
          "title": "Title 1",
        },
        "id": "1",
        "info": {
          "authKey": "none",
          "createdAt": "2022-03-19T07:51:25.56Z",
          "name": "Entity 1",
          "type": "TitleOnly",
        },
      },
    },
  ],
  "entitiesScrollToTopSignal": 1,
  "entitySamples": {
    "items": [
      {
        "fields": {
          "title": "Title 1",
        },
        "id": "1",
        "info": {
          "authKey": "none",
          "createdAt": "2022-03-19T07:51:25.56Z",
          "name": "Entity 1",
          "type": "TitleOnly",
        },
      },
    ],
    "seed": 123,
    "totalCount": 2,
  },
  "entitySamplesError": undefined,
  "loadingState": "",
  "paging": undefined,
  "query": {},
  "requestedCount": 1,
  "restrictEntityTypes": [],
  "sampling": {
    "count": 1,
    "seed": 123,
  },
  "text": "",
  "totalCount": null,
}
`;

exports[`SearchEntityState scenarios > Sampling -> change seed -> loading -> loaded > 2 - loading 1`] = `
{
  "connection": undefined,
  "connectionError": undefined,
  "entities": [
    OkResult {
      "value": {
        "fields": {
          "title": "Title 1",
        },
        "id": "1",
        "info": {
          "authKey": "none",
          "createdAt": "2022-03-19T07:51:25.56Z",
          "name": "Entity 1",
          "type": "TitleOnly",
        },
      },
    },
  ],
  "entitiesScrollToTopSignal": 1,
  "entitySamples": undefined,
  "entitySamplesError": undefined,
  "loadingState": "sample",
  "paging": undefined,
  "query": {},
  "requestedCount": 1,
  "restrictEntityTypes": [],
  "sampling": {
    "count": 1,
    "seed": 456,
  },
  "text": "",
  "totalCount": null,
}
`;

exports[`SearchEntityState scenarios > Sampling -> change seed -> loading -> loaded > 3 - loaded 1`] = `
{
  "connection": undefined,
  "connectionError": undefined,
  "entities": [
    OkResult {
      "value": {
        "fields": {
          "title": "Title 2",
        },
        "id": "2",
        "info": {
          "authKey": "none",
          "createdAt": "2022-03-19T07:51:25.56Z",
          "name": "Entity 2",
          "type": "TitleOnly",
        },
      },
    },
  ],
  "entitiesScrollToTopSignal": 2,
  "entitySamples": {
    "items": [
      {
        "fields": {
          "title": "Title 2",
        },
        "id": "2",
        "info": {
          "authKey": "none",
          "createdAt": "2022-03-19T07:51:25.56Z",
          "name": "Entity 2",
          "type": "TitleOnly",
        },
      },
    ],
    "seed": 456,
    "totalCount": 2,
  },
  "entitySamplesError": undefined,
  "loadingState": "",
  "paging": undefined,
  "query": {},
  "requestedCount": 1,
  "restrictEntityTypes": [],
  "sampling": {
    "count": 1,
    "seed": 456,
  },
  "text": "",
  "totalCount": null,
}
`;
