// Jest Snapshot v1, https://goo.gl/fbAQLP

exports[`Normal 1`] = `
<div>
  Hello world
</div>
`;
