// Vitest Snapshot v1

exports[`reduceEntityEditorState > AddDraftAction new entity 1`] = `
{
  "activeEntityId": "e4e78fce-1089-41b8-9b6b-440d2e044061",
  "drafts": [
    {
      "entity": {
        "authKey": null,
        "fields": [
          {
            "initialValue": null,
            "value": null,
          },
          {
            "initialValue": null,
            "value": null,
          },
          {
            "initialValue": null,
            "value": null,
          },
          {
            "initialValue": null,
            "value": null,
          },
          {
            "initialValue": null,
            "value": null,
          },
          {
            "initialValue": null,
            "value": null,
          },
          {
            "initialValue": null,
            "value": null,
          },
          {
            "initialValue": null,
            "value": null,
          },
          {
            "initialValue": null,
            "value": null,
          },
          {
            "initialValue": null,
            "value": null,
          },
          {
            "initialValue": null,
            "value": null,
          },
        ],
        "initialName": "",
        "name": "",
        "version": 0,
      },
      "entityLoadMessage": null,
      "exists": false,
      "id": "e4e78fce-1089-41b8-9b6b-440d2e044061",
      "initMessage": null,
      "latestServerVersion": null,
      "status": null,
    },
  ],
}
`;

exports[`reduceEntityEditorState > UpdateEntityAction 1`] = `
{
  "activeEntityId": "cb228716-d3dd-444f-9a77-80443d436339",
  "drafts": [
    {
      "entity": {
        "authKey": "none",
        "fields": [
          {
            "initialValue": "Hello",
            "value": "Hello",
          },
        ],
        "initialName": "Hello",
        "name": "Hello",
        "version": 1,
      },
      "entityLoadMessage": null,
      "exists": true,
      "id": "cb228716-d3dd-444f-9a77-80443d436339",
      "initMessage": null,
      "latestServerVersion": 0,
      "status": "draft",
    },
  ],
}
`;
